C51 COMPILER V9.60.0.0   INTERRUPTS                                                        01/12/2022 16:29:59 PAGE 1   


C51 COMPILER V9.60.0.0, COMPILATION OF MODULE INTERRUPTS
OBJECT MODULE PLACED IN .\src\Interrupts.OBJ
COMPILER INVOKED BY: C:\SiliconLabs\SimplicityStudio\v5\developer\toolchains\keil_8051\9.60\BIN\C51.exe C:\Users\markh\O
                    -neDrive\Documents\Uni\4th Year\Eng\EE4\LaserBee\LaserBeeAudio\src\Interrupts.c OMF2 SMALL DEBUG OBJECTEXTEND ROM(LARGE) 
                    -WARNINGLEVEL(2) FLOATFUZZY(3) OPTIMIZE(8,SPEED) DEFINE(DEBUG=1) INTVECTOR(0X0000) INTPROMOTE INCDIR(C:\Users\markh\OneDr
                    -ive\Documents\Uni\4th Year\Eng\EE4\LaserBee\LaserBeeAudio\inc;C:\Users\markh\OneDrive\Documents\Uni\4th Year\Eng\EE4\Las
                    -erBee\LaserBeeAudio\inc\config;C:\Users\markh\OneDrive\Documents\Uni\4th Year\Eng\EE4\LaserBee\LaserBeeAudio\inc\graphic
                    -s;C:/SiliconLabs/SimplicityStudio/v5/developer/sdks/8051/v4.2.3//Device/EFM8LB1/peripheral_driver/inc;C:/SiliconLabs/Sim
                    -plicityStudio/v5/developer/sdks/8051/v4.2.3//kits/common/drivers/efm8_joystick;C:/SiliconLabs/SimplicityStudio/v5/develo
                    -per/sdks/8051/v4.2.3//kits/common/bsp;C:/SiliconLabs/SimplicityStudio/v5/developer/sdks/8051/v4.2.3//kits/EFM8LB1_SLSTK2
                    -030A/config;C:/SiliconLabs/SimplicityStudio/v5/developer/sdks/8051/v4.2.3//kits/common/drivers/efm8_retargetserial;C:/Si
                    -liconLabs/SimplicityStudio/v5/developer/sdks/8051/v4.2.3//Device/shared/si8051Base;C:/SiliconLabs/SimplicityStudio/v5/de
                    -veloper/sdks/8051/v4.2.3//Device/EFM8LB1/inc;C:/SiliconLabs/SimplicityStudio/v5/developer/sdks/8051/v4.2.3//kits/common/
                    -drivers/efm8_memory_lcd/inc;C:/SiliconLabs/SimplicityStudio/v5/developer/sdks/8051/v4.2.3//kits/common/drivers/efm8_memo
                    -ry_lcd/inc/graphics;C:/SiliconLabs/SimplicityStudio/v5/developer/sdks/8051/v4.2.3//kits/common/drivers/efm8_memory_lcd/i
                    -nc/config) PRINT(.\src\Interrupts.lst) COND PAGEWIDTH(120) PAGELENGTH(65) OBJECT(.\src\Interrupts.OBJ)

line level    source

   1          //=========================================================
   2          // src/Interrupts.c: generated by Hardware Configurator
   3          //
   4          // This file will be regenerated when saving a document.
   5          // leave the sections inside the "$[...]" comment tags alone
   6          // or they will be overwritten!!
   7          //=========================================================
   8          
   9          // USER INCLUDES
  10          #include <SI_EFM8LB1_Register_Enums.h>
  11          
  12          //-----------------------------------------------------------------------------
  13          // TIMER2_ISR
  14          //-----------------------------------------------------------------------------
  15          //
  16          // TIMER2 ISR Content goes here. Remember to clear flag bits:
  17          // TMR2CN0::TF2H (Timer # High Byte Overflow Flag)
  18          // TMR2CN0::TF2L (Timer # Low Byte Overflow Flag)
  19          //
  20          //-----------------------------------------------------------------------------
  21          SI_INTERRUPT (TIMER2_ISR, TIMER2_IRQn)
  22            {
  23   1      
  24   1        }
  25          
  26          //-----------------------------------------------------------------------------
  27          // SPI0_ISR
  28          //-----------------------------------------------------------------------------
  29          //
  30          // SPI0 ISR Content goes here. Remember to clear flag bits:
  31          // SPI0CN0::MODF (Mode Fault Flag)
  32          // SPI0CN0::RXOVRN (Receive Overrun Flag)
  33          // SPI0CN0::SPIF (SPI# Interrupt Flag)
  34          // SPI0CN0::WCOL (Write Collision Flag)
  35          // SPI0FCN1::RFRQ (Receive FIFO Request)
  36          // SPI0FCN1::TFRQ (Transmit FIFO Request)
  37          //
  38          //-----------------------------------------------------------------------------
  39          SI_INTERRUPT (SPI0_ISR, SPI0_IRQn)
  40            {
  41   1      
  42   1        }
  43          
C51 COMPILER V9.60.0.0   INTERRUPTS                                                        01/12/2022 16:29:59 PAGE 2   

  44          //-----------------------------------------------------------------------------
  45          // PMATCH_ISR
  46          //-----------------------------------------------------------------------------
  47          //
  48          // PMATCH ISR Content goes here. Remember to clear flag bits:
  49          
  50          //
  51          //-----------------------------------------------------------------------------
  52          SI_INTERRUPT (PMATCH_ISR, PMATCH_IRQn)
  53            {
  54   1      
  55   1        }
  56          
  57          //-----------------------------------------------------------------------------
  58          // TIMER3_ISR
  59          //-----------------------------------------------------------------------------
  60          //
  61          // TIMER3 ISR Content goes here. Remember to clear flag bits:
  62          // TMR3CN0::TF3H (Timer # High Byte Overflow Flag)
  63          // TMR3CN0::TF3L (Timer # Low Byte Overflow Flag)
  64          //
  65          //-----------------------------------------------------------------------------
  66          SI_INTERRUPT (TIMER3_ISR, TIMER3_IRQn)
  67            {
  68   1      
  69   1        }
  70          
  71          //-----------------------------------------------------------------------------
  72          // TIMER4_ISR
  73          //-----------------------------------------------------------------------------
  74          //
  75          // TIMER4 ISR Content goes here. Remember to clear flag bits:
  76          // TMR4CN0::TF4H (Timer # High Byte Overflow Flag)
  77          // TMR4CN0::TF4L (Timer # Low Byte Overflow Flag)
  78          //
  79          //-----------------------------------------------------------------------------
  80          SI_INTERRUPT (TIMER4_ISR, TIMER4_IRQn)
  81            {
  82   1      
  83   1        }
  84          


MODULE INFORMATION:   STATIC OVERLAYABLE
   CODE SIZE        =     20    ----
   CONSTANT SIZE    =   ----    ----
   XDATA SIZE       =   ----    ----
   PDATA SIZE       =   ----    ----
   DATA SIZE        =   ----    ----
   IDATA SIZE       =   ----    ----
   BIT SIZE         =   ----    ----
   EDATA SIZE       =   ----    ----
   HDATA SIZE       =   ----    ----
   XDATA CONST SIZE =   ----    ----
   FAR CONST SIZE   =   ----    ----
END OF MODULE INFORMATION.


C51 COMPILATION COMPLETE.  0 WARNING(S),  0 ERROR(S)
