C51 COMPILER V9.60.0.0   MAIN                                                              01/25/2022 14:25:08 PAGE 1   


C51 COMPILER V9.60.0.0, COMPILATION OF MODULE MAIN
OBJECT MODULE PLACED IN .\src\main.OBJ
COMPILER INVOKED BY: C:\SiliconLabs\SimplicityStudio\v5\developer\toolchains\keil_8051\9.60\BIN\C51.exe C:\Users\markh\O
                    -neDrive\Documents\Uni\4th Year\Eng\EE4\LaserBee\LaserBeeAudio\src\main.c OMF2 SMALL DEBUG OBJECTEXTEND ROM(LARGE) WARNIN
                    -GLEVEL(2) FLOATFUZZY(3) OPTIMIZE(8,SPEED) DEFINE(DEBUG=1) INTVECTOR(0X0000) INTPROMOTE INCDIR(C:\Users\markh\OneDrive\Do
                    -cuments\Uni\4th Year\Eng\EE4\LaserBee\LaserBeeAudio\inc;C:\Users\markh\OneDrive\Documents\Uni\4th Year\Eng\EE4\LaserBee\
                    -LaserBeeAudio\inc\config;C:\Users\markh\OneDrive\Documents\Uni\4th Year\Eng\EE4\LaserBee\LaserBeeAudio\inc\graphics;C:/S
                    -iliconLabs/SimplicityStudio/v5/developer/sdks/8051/v4.2.3//Device/EFM8LB1/peripheral_driver/inc;C:/SiliconLabs/Simplicit
                    -yStudio/v5/developer/sdks/8051/v4.2.3//kits/common/drivers/efm8_joystick;C:/SiliconLabs/SimplicityStudio/v5/developer/sd
                    -ks/8051/v4.2.3//kits/common/bsp;C:/SiliconLabs/SimplicityStudio/v5/developer/sdks/8051/v4.2.3//kits/EFM8LB1_SLSTK2030A/c
                    -onfig;C:/SiliconLabs/SimplicityStudio/v5/developer/sdks/8051/v4.2.3//kits/common/drivers/efm8_retargetserial;C:/SiliconL
                    -abs/SimplicityStudio/v5/developer/sdks/8051/v4.2.3//Device/shared/si8051Base;C:/SiliconLabs/SimplicityStudio/v5/develope
                    -r/sdks/8051/v4.2.3//Device/EFM8LB1/inc;C:/SiliconLabs/SimplicityStudio/v5/developer/sdks/8051/v4.2.3//kits/common/driver
                    -s/efm8_memory_lcd/inc;C:/SiliconLabs/SimplicityStudio/v5/developer/sdks/8051/v4.2.3//kits/common/drivers/efm8_memory_lcd
                    -/inc/graphics;C:/SiliconLabs/SimplicityStudio/v5/developer/sdks/8051/v4.2.3//kits/common/drivers/efm8_memory_lcd/inc/con
                    -fig) PRINT(.\src\main.lst) COND PAGEWIDTH(120) PAGELENGTH(65) OBJECT(.\src\main.OBJ)

line level    source

   1          //-----------------------------------------------------------------------------
   2          // main.c
   3          //-----------------------------------------------------------------------------
   4          // Copyright 2015 Silicon Laboratories, Inc.
   5          // http://developer.silabs.com/legal/version/v11/Silicon_Labs_Software_License_Agreement.txt
   6          //
   7          // Program Description:
   8          //
   9          // Use scope to observe DAC outputs on P3.0 - P3.3.
  10          // Move joystick left/right to change functions.
  11          // Move joystick up/down to change frequency.
  12          //
  13          // Resources:
  14          //   SYSCLK - 24.5 MHz HFOSC0 / 1
  15          //   DAC0
  16          //   DAC1
  17          //   DAC2
  18          //   DAC3
  19          //   ADC0   - 10-bit, VREF = VDD (3.3 V)
  20          //   SPI0   - 1 MHz
  21          //   Timer2 - 2 MHz (SPI CS delay)
  22          //   Timer3 - 1 kHz (1 ms tick)
  23          //   Timer4 - 150 kHz interrupt (DAC update trigger)
  24          //   P0.2   - Push button (kill splash screen)
  25          //   P0.3   - Push button (kill splash screen)
  26          //   P0.6   - SPI SCK
  27          //   P1.0   - SPI MOSI
  28          //   P1.7   - ADC input / Joystick (analog voltage divider)
  29          //   P2.6   - SPI CS (Active High)
  30          //   P3.0   - DAC0 output
  31          //   P3.1   - DAC1 output
  32          //   P3.1   - DAC2 output
  33          //   P3.3   - DAC3 output
  34          //
  35          //-----------------------------------------------------------------------------
  36          // How To Test: EFM8LB1 STK
  37          //-----------------------------------------------------------------------------
  38          // 1) Place the switch in "AEM" mode.
  39          // 2) Connect the EFM8LB1 STK board to a PC using a mini USB cable.
  40          // 3) Compile and download code to the EFM8LB1 STK board.
  41          //    In Simplicity Studio IDE, select Run -> Debug from the menu bar,
  42          //    click the Debug button in the quick menu, or press F11.
  43          // 4) Run the code.
C51 COMPILER V9.60.0.0   MAIN                                                              01/25/2022 14:25:08 PAGE 2   

  44          //    In Simplicity Studio IDE, select Run -> Resume from the menu bar,
  45          //    click the Resume button in the quick menu, or press F8.
  46          // 5) The Function Generator demo should start.
  47          //    Press any button, move joystick, or wait 4 sec to kill splash screen
  48          //    Use scope to observe DAC output on P3.0 - P3.3.
  49          //    Move the joystick left/right to change functions.
  50          //    Move the joystick up/down to increase/decrease the frequency.
  51          //
  52          // Target:         EFM8LB1
  53          // Tool chain:     Generic
  54          //
  55          // Release 0.1 (ST)
  56          //    - Initial Revision
  57          //    - 15 JUL 2015
  58          //
  59          
  60          /////////////////////////////////////////////////////////////////////////////
  61          // Includes
  62          /////////////////////////////////////////////////////////////////////////////
  63          
  64          #include "bsp.h"
  65          #include "InitDevice.h"
  66          #include "function_generator.h"
  67          
  68          //-----------------------------------------------------------------------------
  69          // SiLabs_Startup() Routine
  70          // ----------------------------------------------------------------------------
  71          // This function is called immediately after reset, before the initialization
  72          // code is run in SILABS_STARTUP.A51 (which runs before main() ). This is a
  73          // useful place to disable the watchdog timer, which is enable by default
  74          // and may trigger before main() in some instances.
  75          //-----------------------------------------------------------------------------
  76          void SiLabs_Startup (void)
  77          {
  78   1        // Disable the watchdog here
  79   1      }
  80           
  81          //---------------------------------------------------------------------------
  82          // main() Routine
  83          // --------------------------------------------------------------------------
  84          int main(void)
  85          {
  86   1        enter_DefaultMode_from_RESET();
  87   1      
  88   1        // Enable all interrupts
  89   1        IE_EA = 1;
  90   1      
  91   1        FunctionGenerator_main();
  92   1      
  93   1        while (1);
  94   1      }


MODULE INFORMATION:   STATIC OVERLAYABLE
   CODE SIZE        =     11    ----
   CONSTANT SIZE    =   ----    ----
   XDATA SIZE       =   ----    ----
   PDATA SIZE       =   ----    ----
   DATA SIZE        =   ----    ----
   IDATA SIZE       =   ----    ----
   BIT SIZE         =   ----    ----
   EDATA SIZE       =   ----    ----
   HDATA SIZE       =   ----    ----
C51 COMPILER V9.60.0.0   MAIN                                                              01/25/2022 14:25:08 PAGE 3   

   XDATA CONST SIZE =   ----    ----
   FAR CONST SIZE   =   ----    ----
END OF MODULE INFORMATION.


C51 COMPILATION COMPLETE.  0 WARNING(S),  0 ERROR(S)
